{
    "samples": [
        {
            "headId": "01010100000100000001010101010000",
            "tag": "OnAbortTx"
        }
    ],
    "seed": -699568279
}