{
    "samples": [
        {
            "headId": "00000000000101010001000000010001",
            "tag": "OnCollectComTx"
        }
    ],
    "seed": -899872104
}