{
    "samples": [
        {
            "committed": {
                "0000000101000100000101010101000001000101010101010000010101000100#64": {
                    "address": "addr_test1yruxc08f6srgm4pyfvfh0y6jndmx965m5m4hsr9wsy5xux2cv87uk3p6nhkzvcg9my8yurk8qkz7le36nyrw7vzq8sfswkuk8g",
                    "datum": null,
                    "datumhash": null,
                    "inlineDatum": null,
                    "inlineDatumRaw": null,
                    "referenceScript": null,
                    "value": {
                        "bb91c1e0e2c82b6692350ce24f5864d724ba1133a41d6a02c95b2c64": {
                            "7a7f81eb30a7d102db": 6359975034800366564
                        },
                        "lovelace": 45000000000000000
                    }
                }
            },
            "headId": "00010001000100010101010000000101",
            "party": {
                "vkey": "2b29cbf18d72345dba2e084149fd805c7cfa73309a68fe0e98ca603c442b7394"
            },
            "tag": "OnCommitTx"
        }
    ],
    "seed": -1135032820
}