{
    "samples": [
        {
            "depositTxId": "0000000101000000000001010000000100010000010001010001010000000000",
            "headId": "00000100000001010000010000000100",
            "newVersion": 1,
            "tag": "OnIncrementTx"
        }
    ],
    "seed": -1503008958
}