{
    "samples": [
        {
            "headId": "01010100000101000101000100000001",
            "headParameters": {
                "contestationPeriod": 31536000,
                "parties": []
            },
            "headSeed": "00000000000101010001010001000001",
            "participants": [
                "01000001000101000100000001000001000001000000000100000000"
            ],
            "tag": "OnInitTx"
        }
    ],
    "seed": 1599005927
}