{
    "samples": [
        {
            "headId": "00000000010100000001000101000100",
            "tag": "Abort"
        }
    ],
    "seed": 552273450
}