{
    "samples": [
        {
            "contestationDeadline": "1864-05-09T07:37:54.686103994827Z",
            "headId": "01010000000101010101010000010100",
            "snapshotNumber": 0,
            "tag": "Close"
        }
    ],
    "seed": -1230002479
}