{
    "samples": [
        {
            "headId": "00010100000101010000010000000100",
            "tag": "CollectCom",
            "utxoHash": "0001010101010101000100000100010001000100010100010001000000000101"
        }
    ],
    "seed": 451381416
}