{
    "samples": [
        {
            "committed": {
                "0101010101000001010001000101000101000100010101010001000100010101#49": {
                    "address": "addr_test1zzc49kwyj58rryffmlv9wn2ygd3nyj9plvrnqc57n7ct9gt8pzvc9hr9t7s2th68qfqx5mxzjqhcjt397h62wjr07n4q9hlxxm",
                    "datum": null,
                    "inlineDatum": {
                        "int": 0
                    },
                    "inlineDatumRaw": "00",
                    "inlineDatumhash": "03170a2e7597b7b7e3d84c05391d139a62b157e78786d8c082f29dcf4c111314",
                    "referenceScript": null,
                    "value": {
                        "lovelace": 1008540
                    }
                }
            },
            "headId": "00000100000000010001010100010001",
            "party": {
                "vkey": "482a9988d0e3d095aaa9920178c684b57f2826b706f494ce8d32f926a12eaf35"
            },
            "tag": "Commit"
        }
    ],
    "seed": -227901248
}