{
    "samples": [
        {
            "distributedUTxO": {
                "0100000101010101000101010100000000000101010100010000010100010101#18": {
                    "address": "addr_test1xppv2p4m26vct903j3heklexgd0eevky064e7knh5mjxtxchr935g8y2xsyff3hx0ymgnf9yxaq8tq5je6yx6j0rudjswvvcwr",
                    "datum": null,
                    "inlineDatum": {
                        "bytes": "616d01"
                    },
                    "inlineDatumRaw": "43616d01",
                    "inlineDatumhash": "542a6a9e3325feea3a2cd886b4dbd726cf8233ee67898d8069119be207747a6b",
                    "referenceScript": null,
                    "value": {
                        "lovelace": 1021470
                    }
                }
            },
            "headId": "01000001010100010001000101000100",
            "newVersion": 1,
            "tag": "Decrement"
        }
    ],
    "seed": 932209463
}