{
    "samples": [
        {
            "depositTxId": "0000000000010001000000010000010001010100000000000001010001000000",
            "headId": "00010101000001000000010000010101",
            "newVersion": 0,
            "tag": "Increment"
        }
    ],
    "seed": -588754914
}