{
    "samples": [
        {
            "headId": "01000000000100010000010001010000",
            "headParameters": {
                "contestationPeriod": 604800,
                "parties": [
                    {
                        "vkey": "38058ede5e17a95725897ec813f76d93afeecae191da3991e352f89fcad6b654"
                    }
                ]
            },
            "headSeed": "01000000010101010001010000000001",
            "participants": [
                "00000100000000000100010100010001000100010101010000000000"
            ],
            "tag": "Init"
        }
    ],
    "seed": 553158083
}