{
    "samples": [
        {
            "tag": "NoHeadTx"
        }
    ],
    "seed": 1803235536
}